root@ad340d32091a:/kb/module# checkm

                ...::: CheckM v1.0.7 :::...

  Lineage-specific marker set:
    tree         -> Place bins in the reference genome tree
    tree_qa      -> Assess phylogenetic markers found in each bin
    lineage_set  -> Infer lineage-specific marker sets for each bin

  Taxonomic-specific marker set:
    taxon_list   -> List available taxonomic-specific marker sets
    taxon_set    -> Generate taxonomic-specific marker set

  Apply marker set to genome bins:
    analyze      -> Identify marker genes in bins
    qa           -> Assess bins for contamination and completeness

  Common workflows (combines above commands):
    lineage_wf   -> Runs tree, lineage_set, analyze, qa
    taxonomy_wf  -> Runs taxon_set, analyze, qa

  Bin QA plots:
    bin_qa_plot  -> Bar plot of bin completeness, contamination, and strain heterogeneity

  Reference distribution plots:
    gc_plot      -> Create GC histogram and delta-GC plot
    coding_plot  -> Create coding density (CD) histogram and delta-CD plot
    tetra_plot   -> Create tetranucleotide distance (TD) histogram and delta-TD plot
    dist_plot    -> Create image with GC, CD, and TD distribution plots together

  General plots:
    nx_plot      -> Create Nx-plots
    len_plot     -> Cumulative sequence length plot
    len_hist     -> Sequence length histogram
    marker_plot  -> Plot position of marker genes on sequences
    par_plot     -> Parallel coordinate plot of GC and coverage
    gc_bias_plot -> Plot bin coverage as a function of GC

  Sequence subspace plots:
    cov_pca      -> PCA plot of coverage profiles
    tetra_pca    -> PCA plot of tetranucleotide signatures

  Bin exploration and modification:
    unique       -> Ensure no sequences are assigned to multiple bins
    merge        -> Identify bins with complementary sets of marker genes
    bin_compare  -> Compare two sets of bins (e.g., from alternative binning methods)
    bin_union    -> [Experimental] Merge multiple binning efforts into a single bin set
    modify       -> [Experimental] Modify sequences in a bin
    outliers     -> [Experimental] Identify outlier in bins relative to reference distributions

  Utility functions:
    unbinned     -> Identify unbinned sequences
    coverage     -> Calculate coverage of sequences
    tetra        -> Calculate tetranucleotide signature of sequences
    profile      -> Calculate percentage of reads mapped to each bin
    join_tables  -> Join tab-separated value tables containing bin information
    ssu_finder   -> Identify SSU (16S/18S) rRNAs in sequences

  Use: 'checkm data' to find, download and install database updates

  Use: checkm <command> -h for command specific help
    
root@ad340d32091a:/kb/module# checkm lineage_wf -h
usage: checkm lineage_wf [-h] [-r] [--ali] [--nt] [-g] [-u UNIQUE] [-m MULTI]
                         [--force_domain] [--no_refinement]
                         [--individual_markers] [--skip_adj_correction]
                         [--skip_pseudogene_correction]
                         [--aai_strain AAI_STRAIN] [-a ALIGNMENT_FILE]
                         [--ignore_thresholds] [-e E_VALUE] [-l LENGTH]
                         [-c COVERAGE_FILE] [-f FILE] [--tab_table]
                         [-x EXTENSION] [-t THREADS]
                         [--pplacer_threads PPLACER_THREADS] [-q]
                         [--tmpdir TMPDIR]
                         bin_folder out_folder

Runs tree, lineage_set, analyze, qa

positional arguments:
  bin_folder            folder containing bins (fasta format)
  out_folder            folder to write output files

optional arguments:
  -h, --help            show this help message and exit
  -r, --reduced_tree    use reduced tree (requires <16GB of memory) for determining lineage of each bin
  --ali                 generate HMMER alignment file for each bin
  --nt                  generate nucleotide gene sequences for each bin
  -g, --genes           bins contain genes as amino acids instead of nucleotide contigs
  -u, --unique UNIQUE   minimum number of unique phylogenetic markers required to use lineage-specific marker set (default: 10)
  -m, --multi MULTI     maximum number of multi-copy phylogenetic markers before defaulting to domain-level marker set (default: 10)
  --force_domain        use domain-level sets for all bins
  --no_refinement       do not perform lineage-specific marker set refinement
  --individual_markers  treat marker as independent (i.e., ignore co-located set structure)
  --skip_adj_correction
                        do not exclude adjacent marker genes when estimating contamination
  --skip_pseudogene_correction
                        skip identification and filtering of pseudogenes
  --aai_strain AAI_STRAIN
                        AAI threshold used to identify strain heterogeneity (default: 0.9)
  -a, --alignment_file ALIGNMENT_FILE
                        produce file showing alignment of multi-copy genes and their AAI identity
  --ignore_thresholds   ignore model-specific score thresholds
  -e, --e_value E_VALUE
                        e-value cut off (default: 1e-10)
  -l, --length LENGTH   percent overlap between target and query (default: 0.7)
  -c, --coverage_file COVERAGE_FILE
                        file containing coverage of each sequence; coverage information added to table type 2 (see coverage command)
  -f, --file FILE       print results to file (default: stdout)
  --tab_table           print tab-separated values table
  -x, --extension EXTENSION
                        extension of bins (other files in folder are ignored) (default: fna)
  -t, --threads THREADS
                        number of threads (default: 1)
  --pplacer_threads PPLACER_THREADS
                        number of threads used by pplacer (memory usage increases linearly with additional threads) (default: 1)
  -q, --quiet           suppress console output
  --tmpdir TMPDIR       specify an alternative directory for temporary files

Example: checkm lineage_wf ./bins ./output

============================
root@ad340d32091a:/kb/module# ls checkm_results/results/
bins  storage
root@ad340d32091a:/kb/module# ls checkm_results/results/bins
637000110
root@ad340d32091a:/kb/module# mkdir -p checkm_results/results/lineage_results
root@ad340d32091a:/kb/module# checkm lineage_wf checkm_results/results/bins checkm_results/results/lineage_results/

*******************************************************************************
 [CheckM - tree] Placing bins in reference genome tree.
*******************************************************************************

  [Error] No bins found. Check the extension (-x) used to identify bins.

  Controlled exit resulting from an unrecoverable error or warning.
root@ad340d32091a:/kb/module# ls checkm_results/results/bins
637000110
root@ad340d32091a:/kb/module# ls checkm_results/results/bins/637000110/
genes.faa  genes.gff  hmmer.tree.txt

============================
root@ad340d32091a:/kb/module# checkm taxonomy_wf -h
usage: checkm taxonomy_wf [-h] [--ali] [--nt] [-g] [--individual_markers]
                          [--skip_adj_correction]
                          [--skip_pseudogene_correction]
                          [--aai_strain AAI_STRAIN] [-a ALIGNMENT_FILE]
                          [--ignore_thresholds] [-e E_VALUE] [-l LENGTH]
                          [-c COVERAGE_FILE] [-f FILE] [--tab_table]
                          [-x EXTENSION] [-t THREADS] [-q] [--tmpdir TMPDIR]
                          {domain,phylum,class,order,family,genus,species}
                          taxon bin_folder out_folder

Runs taxon_set, analyze, qa

positional arguments:
  {domain,phylum,class,order,family,genus,species}
                        taxonomic rank
  taxon                 taxon of interest
  bin_folder            folder containing bins (fasta format)
  out_folder            folder to write output files

optional arguments:
  -h, --help            show this help message and exit
  --ali                 generate HMMER alignment file for each bin
  --nt                  generate nucleotide gene sequences for each bin
  -g, --genes           bins contain genes as amino acids instead of nucleotide contigs
  --individual_markers  treat marker as independent (i.e., ignore co-located set structure)
  --skip_adj_correction
                        do not exclude adjacent marker genes when estimating contamination
  --skip_pseudogene_correction
                        skip identification and filtering of pseudogenes
  --aai_strain AAI_STRAIN
                        AAI threshold used to identify strain heterogeneity (default: 0.9)
  -a, --alignment_file ALIGNMENT_FILE
                        produce file showing alignment of multi-copy genes and their AAI identity
  --ignore_thresholds   ignore model-specific score thresholds
  -e, --e_value E_VALUE
                        e-value cut off (default: 1e-10)
  -l, --length LENGTH   percent overlap between target and query (default: 0.7)
  -c, --coverage_file COVERAGE_FILE
                        file containing coverage of each sequence; coverage information added to table type 2 (see coverage command)
  -f, --file FILE       print results to file (default: stdout)
  --tab_table           print tab-separated values table
  -x, --extension EXTENSION
                        extension of bins (other files in folder are ignored) (default: fna)
  -t, --threads THREADS
                        number of threads (default: 1)
  -q, --quiet           suppress console output
  --tmpdir TMPDIR       specify an alternative directory for temporary files

Example: checkm taxonomy_wf domain Bacteria ./bins ./output
===========================
root@ad340d32091a:/kb/module# checkm gc_plot -h
usage: checkm gc_plot [-h] [--image_type {eps,pdf,png,ps,svg}] [--dpi DPI]
                      [--font_size FONT_SIZE] [-x EXTENSION] [--width WIDTH]
                      [--height HEIGHT] [-w GC_WINDOW_SIZE] [-b GC_BIN_WIDTH]
                      [-q]
                      bin_folder plot_folder dist_value [dist_value ...]

Create GC histogram and delta-GC plot.

positional arguments:
  bin_folder            folder containing bins to plot (fasta format)
  plot_folder           folder to hold plots
  dist_value            reference distribution(s) to plot; integer between 0 and 100

optional arguments:
  -h, --help            show this help message and exit
  --image_type {eps,pdf,png,ps,svg}
                        desired image type (default: png)
  --dpi DPI             desired DPI of output image (default: 600)
  --font_size FONT_SIZE
                        Desired font size (default: 8)
  -x, --extension EXTENSION
                        extension of bins (other files in folder are ignored) (default: fna)
  --width WIDTH         width of output image (default: 6.5)
  --height HEIGHT       height of output image (default: 3.5)
  -w, --gc_window_size GC_WINDOW_SIZE
                        window size used to calculate GC histogram (default: 5000)
  -b, --gc_bin_width GC_BIN_WIDTH
                        width of GC bars in histogram (default: 0.01)
  -q, --quiet           suppress console output

Example: checkm gc_plot ./bins ./plots 95

